// Jest Snapshot v1, https://goo.gl/fbAQLP

exports[`App component Should render App 1`] = `
ShallowWrapper {
  "length": 1,
  Symbol(enzyme.__root__): [Circular],
  Symbol(enzyme.__unrendered__): <App />,
  Symbol(enzyme.__renderer__): Object {
    "batchedUpdates": [Function],
    "getNode": [Function],
    "render": [Function],
    "simulateEvent": [Function],
    "unmount": [Function],
  },
  Symbol(enzyme.__node__): Object {
    "instance": null,
    "key": undefined,
    "nodeType": "host",
    "props": Object {
      "children": Array [
        <Nav
          userData={
            Object {
              "userName": "Moyeong Lee",
            }
          }
        />,
        <Display
          room={Object {}}
        />,
        <div
          className="main"
        >
          <div
            className="control"
          >
            <Control
              getCurrentRoom={[Function]}
              getSwitchStatus={[Function]}
              room={
                Array [
                  Object {
                    "active": true,
                    "brightness": 77,
                    "id": 1,
                    "name": "Mo's room",
                  },
                  Object {
                    "active": true,
                    "brightness": 100,
                    "id": 2,
                    "name": "Mo's living room",
                  },
                  Object {
                    "active": false,
                    "brightness": 0,
                    "id": 3,
                    "name": "Mo's restroom",
                  },
                  Object {
                    "active": true,
                    "brightness": 40,
                    "id": 4,
                    "name": "Mo's game room",
                  },
                  Object {
                    "active": false,
                    "brightness": 20,
                    "id": 5,
                    "name": "Mo's karaoke room",
                  },
                  Object {
                    "active": true,
                    "brightness": 80,
                    "id": 6,
                    "name": "Mo's piano room",
                  },
                  Object {
                    "active": true,
                    "brightness": 95,
                    "id": 7,
                    "name": "Mo's library",
                  },
                  Object {
                    "active": false,
                    "brightness": 66,
                    "id": 8,
                    "name": "Mo's secret room",
                  },
                ]
              }
            />
          </div>
          <div
            className="display"
          >
            <Display
              lightControl={[Function]}
              room={Object {}}
            />
          </div>
        </div>,
      ],
      "className": "container",
    },
    "ref": null,
    "rendered": Array [
      Object {
        "instance": null,
        "key": undefined,
        "nodeType": "class",
        "props": Object {
          "userData": Object {
            "userName": "Moyeong Lee",
          },
        },
        "ref": null,
        "rendered": null,
        "type": [Function],
      },
      Object {
        "instance": null,
        "key": undefined,
        "nodeType": "function",
        "props": Object {
          "room": Object {},
        },
        "ref": null,
        "rendered": null,
        "type": [Function],
      },
      Object {
        "instance": null,
        "key": undefined,
        "nodeType": "host",
        "props": Object {
          "children": Array [
            <div
              className="control"
            >
              <Control
                getCurrentRoom={[Function]}
                getSwitchStatus={[Function]}
                room={
                  Array [
                    Object {
                      "active": true,
                      "brightness": 77,
                      "id": 1,
                      "name": "Mo's room",
                    },
                    Object {
                      "active": true,
                      "brightness": 100,
                      "id": 2,
                      "name": "Mo's living room",
                    },
                    Object {
                      "active": false,
                      "brightness": 0,
                      "id": 3,
                      "name": "Mo's restroom",
                    },
                    Object {
                      "active": true,
                      "brightness": 40,
                      "id": 4,
                      "name": "Mo's game room",
                    },
                    Object {
                      "active": false,
                      "brightness": 20,
                      "id": 5,
                      "name": "Mo's karaoke room",
                    },
                    Object {
                      "active": true,
                      "brightness": 80,
                      "id": 6,
                      "name": "Mo's piano room",
                    },
                    Object {
                      "active": true,
                      "brightness": 95,
                      "id": 7,
                      "name": "Mo's library",
                    },
                    Object {
                      "active": false,
                      "brightness": 66,
                      "id": 8,
                      "name": "Mo's secret room",
                    },
                  ]
                }
              />
            </div>,
            <div
              className="display"
            >
              <Display
                lightControl={[Function]}
                room={Object {}}
              />
            </div>,
          ],
          "className": "main",
        },
        "ref": null,
        "rendered": Array [
          Object {
            "instance": null,
            "key": undefined,
            "nodeType": "host",
            "props": Object {
              "children": <Control
                getCurrentRoom={[Function]}
                getSwitchStatus={[Function]}
                room={
                  Array [
                    Object {
                      "active": true,
                      "brightness": 77,
                      "id": 1,
                      "name": "Mo's room",
                    },
                    Object {
                      "active": true,
                      "brightness": 100,
                      "id": 2,
                      "name": "Mo's living room",
                    },
                    Object {
                      "active": false,
                      "brightness": 0,
                      "id": 3,
                      "name": "Mo's restroom",
                    },
                    Object {
                      "active": true,
                      "brightness": 40,
                      "id": 4,
                      "name": "Mo's game room",
                    },
                    Object {
                      "active": false,
                      "brightness": 20,
                      "id": 5,
                      "name": "Mo's karaoke room",
                    },
                    Object {
                      "active": true,
                      "brightness": 80,
                      "id": 6,
                      "name": "Mo's piano room",
                    },
                    Object {
                      "active": true,
                      "brightness": 95,
                      "id": 7,
                      "name": "Mo's library",
                    },
                    Object {
                      "active": false,
                      "brightness": 66,
                      "id": 8,
                      "name": "Mo's secret room",
                    },
                  ]
                }
              />,
              "className": "control",
            },
            "ref": null,
            "rendered": Object {
              "instance": null,
              "key": undefined,
              "nodeType": "class",
              "props": Object {
                "getCurrentRoom": [Function],
                "getSwitchStatus": [Function],
                "room": Array [
                  Object {
                    "active": true,
                    "brightness": 77,
                    "id": 1,
                    "name": "Mo's room",
                  },
                  Object {
                    "active": true,
                    "brightness": 100,
                    "id": 2,
                    "name": "Mo's living room",
                  },
                  Object {
                    "active": false,
                    "brightness": 0,
                    "id": 3,
                    "name": "Mo's restroom",
                  },
                  Object {
                    "active": true,
                    "brightness": 40,
                    "id": 4,
                    "name": "Mo's game room",
                  },
                  Object {
                    "active": false,
                    "brightness": 20,
                    "id": 5,
                    "name": "Mo's karaoke room",
                  },
                  Object {
                    "active": true,
                    "brightness": 80,
                    "id": 6,
                    "name": "Mo's piano room",
                  },
                  Object {
                    "active": true,
                    "brightness": 95,
                    "id": 7,
                    "name": "Mo's library",
                  },
                  Object {
                    "active": false,
                    "brightness": 66,
                    "id": 8,
                    "name": "Mo's secret room",
                  },
                ],
              },
              "ref": null,
              "rendered": null,
              "type": [Function],
            },
            "type": "div",
          },
          Object {
            "instance": null,
            "key": undefined,
            "nodeType": "host",
            "props": Object {
              "children": <Display
                lightControl={[Function]}
                room={Object {}}
              />,
              "className": "display",
            },
            "ref": null,
            "rendered": Object {
              "instance": null,
              "key": undefined,
              "nodeType": "class",
              "props": Object {
                "lightControl": [Function],
                "room": Object {},
              },
              "ref": null,
              "rendered": null,
              "type": [Function],
            },
            "type": "div",
          },
        ],
        "type": "div",
      },
    ],
    "type": "div",
  },
  Symbol(enzyme.__nodes__): Array [
    Object {
      "instance": null,
      "key": undefined,
      "nodeType": "host",
      "props": Object {
        "children": Array [
          <Nav
            userData={
              Object {
                "userName": "Moyeong Lee",
              }
            }
          />,
          <Display
            room={Object {}}
          />,
          <div
            className="main"
          >
            <div
              className="control"
            >
              <Control
                getCurrentRoom={[Function]}
                getSwitchStatus={[Function]}
                room={
                  Array [
                    Object {
                      "active": true,
                      "brightness": 77,
                      "id": 1,
                      "name": "Mo's room",
                    },
                    Object {
                      "active": true,
                      "brightness": 100,
                      "id": 2,
                      "name": "Mo's living room",
                    },
                    Object {
                      "active": false,
                      "brightness": 0,
                      "id": 3,
                      "name": "Mo's restroom",
                    },
                    Object {
                      "active": true,
                      "brightness": 40,
                      "id": 4,
                      "name": "Mo's game room",
                    },
                    Object {
                      "active": false,
                      "brightness": 20,
                      "id": 5,
                      "name": "Mo's karaoke room",
                    },
                    Object {
                      "active": true,
                      "brightness": 80,
                      "id": 6,
                      "name": "Mo's piano room",
                    },
                    Object {
                      "active": true,
                      "brightness": 95,
                      "id": 7,
                      "name": "Mo's library",
                    },
                    Object {
                      "active": false,
                      "brightness": 66,
                      "id": 8,
                      "name": "Mo's secret room",
                    },
                  ]
                }
              />
            </div>
            <div
              className="display"
            >
              <Display
                lightControl={[Function]}
                room={Object {}}
              />
            </div>
          </div>,
        ],
        "className": "container",
      },
      "ref": null,
      "rendered": Array [
        Object {
          "instance": null,
          "key": undefined,
          "nodeType": "class",
          "props": Object {
            "userData": Object {
              "userName": "Moyeong Lee",
            },
          },
          "ref": null,
          "rendered": null,
          "type": [Function],
        },
        Object {
          "instance": null,
          "key": undefined,
          "nodeType": "function",
          "props": Object {
            "room": Object {},
          },
          "ref": null,
          "rendered": null,
          "type": [Function],
        },
        Object {
          "instance": null,
          "key": undefined,
          "nodeType": "host",
          "props": Object {
            "children": Array [
              <div
                className="control"
              >
                <Control
                  getCurrentRoom={[Function]}
                  getSwitchStatus={[Function]}
                  room={
                    Array [
                      Object {
                        "active": true,
                        "brightness": 77,
                        "id": 1,
                        "name": "Mo's room",
                      },
                      Object {
                        "active": true,
                        "brightness": 100,
                        "id": 2,
                        "name": "Mo's living room",
                      },
                      Object {
                        "active": false,
                        "brightness": 0,
                        "id": 3,
                        "name": "Mo's restroom",
                      },
                      Object {
                        "active": true,
                        "brightness": 40,
                        "id": 4,
                        "name": "Mo's game room",
                      },
                      Object {
                        "active": false,
                        "brightness": 20,
                        "id": 5,
                        "name": "Mo's karaoke room",
                      },
                      Object {
                        "active": true,
                        "brightness": 80,
                        "id": 6,
                        "name": "Mo's piano room",
                      },
                      Object {
                        "active": true,
                        "brightness": 95,
                        "id": 7,
                        "name": "Mo's library",
                      },
                      Object {
                        "active": false,
                        "brightness": 66,
                        "id": 8,
                        "name": "Mo's secret room",
                      },
                    ]
                  }
                />
              </div>,
              <div
                className="display"
              >
                <Display
                  lightControl={[Function]}
                  room={Object {}}
                />
              </div>,
            ],
            "className": "main",
          },
          "ref": null,
          "rendered": Array [
            Object {
              "instance": null,
              "key": undefined,
              "nodeType": "host",
              "props": Object {
                "children": <Control
                  getCurrentRoom={[Function]}
                  getSwitchStatus={[Function]}
                  room={
                    Array [
                      Object {
                        "active": true,
                        "brightness": 77,
                        "id": 1,
                        "name": "Mo's room",
                      },
                      Object {
                        "active": true,
                        "brightness": 100,
                        "id": 2,
                        "name": "Mo's living room",
                      },
                      Object {
                        "active": false,
                        "brightness": 0,
                        "id": 3,
                        "name": "Mo's restroom",
                      },
                      Object {
                        "active": true,
                        "brightness": 40,
                        "id": 4,
                        "name": "Mo's game room",
                      },
                      Object {
                        "active": false,
                        "brightness": 20,
                        "id": 5,
                        "name": "Mo's karaoke room",
                      },
                      Object {
                        "active": true,
                        "brightness": 80,
                        "id": 6,
                        "name": "Mo's piano room",
                      },
                      Object {
                        "active": true,
                        "brightness": 95,
                        "id": 7,
                        "name": "Mo's library",
                      },
                      Object {
                        "active": false,
                        "brightness": 66,
                        "id": 8,
                        "name": "Mo's secret room",
                      },
                    ]
                  }
                />,
                "className": "control",
              },
              "ref": null,
              "rendered": Object {
                "instance": null,
                "key": undefined,
                "nodeType": "class",
                "props": Object {
                  "getCurrentRoom": [Function],
                  "getSwitchStatus": [Function],
                  "room": Array [
                    Object {
                      "active": true,
                      "brightness": 77,
                      "id": 1,
                      "name": "Mo's room",
                    },
                    Object {
                      "active": true,
                      "brightness": 100,
                      "id": 2,
                      "name": "Mo's living room",
                    },
                    Object {
                      "active": false,
                      "brightness": 0,
                      "id": 3,
                      "name": "Mo's restroom",
                    },
                    Object {
                      "active": true,
                      "brightness": 40,
                      "id": 4,
                      "name": "Mo's game room",
                    },
                    Object {
                      "active": false,
                      "brightness": 20,
                      "id": 5,
                      "name": "Mo's karaoke room",
                    },
                    Object {
                      "active": true,
                      "brightness": 80,
                      "id": 6,
                      "name": "Mo's piano room",
                    },
                    Object {
                      "active": true,
                      "brightness": 95,
                      "id": 7,
                      "name": "Mo's library",
                    },
                    Object {
                      "active": false,
                      "brightness": 66,
                      "id": 8,
                      "name": "Mo's secret room",
                    },
                  ],
                },
                "ref": null,
                "rendered": null,
                "type": [Function],
              },
              "type": "div",
            },
            Object {
              "instance": null,
              "key": undefined,
              "nodeType": "host",
              "props": Object {
                "children": <Display
                  lightControl={[Function]}
                  room={Object {}}
                />,
                "className": "display",
              },
              "ref": null,
              "rendered": Object {
                "instance": null,
                "key": undefined,
                "nodeType": "class",
                "props": Object {
                  "lightControl": [Function],
                  "room": Object {},
                },
                "ref": null,
                "rendered": null,
                "type": [Function],
              },
              "type": "div",
            },
          ],
          "type": "div",
        },
      ],
      "type": "div",
    },
  ],
  Symbol(enzyme.__options__): Object {
    "adapter": ReactSixteenAdapter {
      "options": Object {
        "enableComponentDidUpdateOnSetState": true,
      },
    },
  },
}
`;
