// Jest Snapshot v1, https://goo.gl/fbAQLP

exports[`Controller component Should render Controller 1`] = `
ShallowWrapper {
  "length": 1,
  Symbol(enzyme.__root__): [Circular],
  Symbol(enzyme.__unrendered__): <Control
    getCurrentRoom={[Function]}
    getSwitchStatus={[Function]}
    room={
      Array [
        Object {
          "active": true,
          "brightness": 50,
          "id": 1,
          "name": "Balcony",
        },
      ]
    }
  />,
  Symbol(enzyme.__renderer__): Object {
    "batchedUpdates": [Function],
    "getNode": [Function],
    "render": [Function],
    "simulateEvent": [Function],
    "unmount": [Function],
  },
  Symbol(enzyme.__node__): Object {
    "instance": null,
    "key": undefined,
    "nodeType": "function",
    "props": Object {
      "children": <Table
        columns={
          Array [
            Object {
              "field": "name",
              "label": "Room",
              "render": [Function],
              "sortable": true,
            },
            Object {
              "field": "active",
              "label": "State",
              "render": [Function],
              "sortable": false,
            },
            Object {
              "field": "brightness",
              "label": "Brightness",
              "render": [Function],
              "sortable": false,
            },
          ]
        }
        data={
          Array [
            Object {
              "active": true,
              "brightness": 50,
              "id": 1,
              "name": "Balcony",
            },
          ]
        }
        onRowClick={[Function]}
      />,
    },
    "ref": null,
    "rendered": Object {
      "instance": null,
      "key": undefined,
      "nodeType": "class",
      "props": Object {
        "columns": Array [
          Object {
            "field": "name",
            "label": "Room",
            "render": [Function],
            "sortable": true,
          },
          Object {
            "field": "active",
            "label": "State",
            "render": [Function],
            "sortable": false,
          },
          Object {
            "field": "brightness",
            "label": "Brightness",
            "render": [Function],
            "sortable": false,
          },
        ],
        "data": Array [
          Object {
            "active": true,
            "brightness": 50,
            "id": 1,
            "name": "Balcony",
          },
        ],
        "onRowClick": [Function],
      },
      "ref": null,
      "rendered": null,
      "type": [Function],
    },
    "type": [Function],
  },
  Symbol(enzyme.__nodes__): Array [
    Object {
      "instance": null,
      "key": undefined,
      "nodeType": "function",
      "props": Object {
        "children": <Table
          columns={
            Array [
              Object {
                "field": "name",
                "label": "Room",
                "render": [Function],
                "sortable": true,
              },
              Object {
                "field": "active",
                "label": "State",
                "render": [Function],
                "sortable": false,
              },
              Object {
                "field": "brightness",
                "label": "Brightness",
                "render": [Function],
                "sortable": false,
              },
            ]
          }
          data={
            Array [
              Object {
                "active": true,
                "brightness": 50,
                "id": 1,
                "name": "Balcony",
              },
            ]
          }
          onRowClick={[Function]}
        />,
      },
      "ref": null,
      "rendered": Object {
        "instance": null,
        "key": undefined,
        "nodeType": "class",
        "props": Object {
          "columns": Array [
            Object {
              "field": "name",
              "label": "Room",
              "render": [Function],
              "sortable": true,
            },
            Object {
              "field": "active",
              "label": "State",
              "render": [Function],
              "sortable": false,
            },
            Object {
              "field": "brightness",
              "label": "Brightness",
              "render": [Function],
              "sortable": false,
            },
          ],
          "data": Array [
            Object {
              "active": true,
              "brightness": 50,
              "id": 1,
              "name": "Balcony",
            },
          ],
          "onRowClick": [Function],
        },
        "ref": null,
        "rendered": null,
        "type": [Function],
      },
      "type": [Function],
    },
  ],
  Symbol(enzyme.__options__): Object {
    "adapter": ReactSixteenAdapter {
      "options": Object {
        "enableComponentDidUpdateOnSetState": true,
      },
    },
  },
}
`;
