// Jest Snapshot v1, https://goo.gl/fbAQLP

exports[`Nav component Should render Nav 1`] = `
ShallowWrapper {
  "length": 1,
  Symbol(enzyme.__root__): [Circular],
  Symbol(enzyme.__unrendered__): <Nav
    userData={
      Object {
        "userName": "Moyeong Lee",
      }
    }
  />,
  Symbol(enzyme.__renderer__): Object {
    "batchedUpdates": [Function],
    "getNode": [Function],
    "render": [Function],
    "simulateEvent": [Function],
    "unmount": [Function],
  },
  Symbol(enzyme.__node__): Object {
    "instance": null,
    "key": undefined,
    "nodeType": "host",
    "props": Object {
      "children": Array [
        <div>
          Sun Jul 22 2018
        </div>,
        <div>
          23:42:39
        </div>,
        <div
          className="user"
        >
          <div>
            Moyeong Lee
          </div>
          <div>
            <svg
              height="50"
              width="50"
            >
              <circle
                cx="25"
                cy="25"
                fill="#484848"
                r="15"
              />
              <text
                dy=".3em"
                fill="white"
                fontFamily="Arial"
                fontSize="15px"
                textAnchor="middle"
                x="50%"
                y="50%"
              >
                ML
              </text>
              Sorry, your browser does not support inline SVG.
            </svg>
          </div>
          <div>
            <i
              className="fas fa-sort-down"
            />
          </div>
        </div>,
      ],
      "className": "nav",
    },
    "ref": null,
    "rendered": Array [
      Object {
        "instance": null,
        "key": undefined,
        "nodeType": "host",
        "props": Object {
          "children": "Sun Jul 22 2018",
        },
        "ref": null,
        "rendered": "Sun Jul 22 2018",
        "type": "div",
      },
      Object {
        "instance": null,
        "key": undefined,
        "nodeType": "host",
        "props": Object {
          "children": "23:42:39",
        },
        "ref": null,
        "rendered": "23:42:39",
        "type": "div",
      },
      Object {
        "instance": null,
        "key": undefined,
        "nodeType": "host",
        "props": Object {
          "children": Array [
            <div>
              Moyeong Lee
            </div>,
            <div>
              <svg
                height="50"
                width="50"
              >
                <circle
                  cx="25"
                  cy="25"
                  fill="#484848"
                  r="15"
                />
                <text
                  dy=".3em"
                  fill="white"
                  fontFamily="Arial"
                  fontSize="15px"
                  textAnchor="middle"
                  x="50%"
                  y="50%"
                >
                  ML
                </text>
                Sorry, your browser does not support inline SVG.
              </svg>
            </div>,
            <div>
              <i
                className="fas fa-sort-down"
              />
            </div>,
          ],
          "className": "user",
        },
        "ref": null,
        "rendered": Array [
          Object {
            "instance": null,
            "key": undefined,
            "nodeType": "host",
            "props": Object {
              "children": "Moyeong Lee",
            },
            "ref": null,
            "rendered": "Moyeong Lee",
            "type": "div",
          },
          Object {
            "instance": null,
            "key": undefined,
            "nodeType": "host",
            "props": Object {
              "children": <svg
                height="50"
                width="50"
              >
                <circle
                  cx="25"
                  cy="25"
                  fill="#484848"
                  r="15"
                />
                <text
                  dy=".3em"
                  fill="white"
                  fontFamily="Arial"
                  fontSize="15px"
                  textAnchor="middle"
                  x="50%"
                  y="50%"
                >
                  ML
                </text>
                Sorry, your browser does not support inline SVG.
              </svg>,
            },
            "ref": null,
            "rendered": Object {
              "instance": null,
              "key": undefined,
              "nodeType": "host",
              "props": Object {
                "children": Array [
                  <circle
                    cx="25"
                    cy="25"
                    fill="#484848"
                    r="15"
                  />,
                  <text
                    dy=".3em"
                    fill="white"
                    fontFamily="Arial"
                    fontSize="15px"
                    textAnchor="middle"
                    x="50%"
                    y="50%"
                  >
                    ML
                  </text>,
                  "Sorry, your browser does not support inline SVG.",
                ],
                "height": "50",
                "width": "50",
              },
              "ref": null,
              "rendered": Array [
                Object {
                  "instance": null,
                  "key": undefined,
                  "nodeType": "host",
                  "props": Object {
                    "cx": "25",
                    "cy": "25",
                    "fill": "#484848",
                    "r": "15",
                  },
                  "ref": null,
                  "rendered": null,
                  "type": "circle",
                },
                Object {
                  "instance": null,
                  "key": undefined,
                  "nodeType": "host",
                  "props": Object {
                    "children": "ML",
                    "dy": ".3em",
                    "fill": "white",
                    "fontFamily": "Arial",
                    "fontSize": "15px",
                    "textAnchor": "middle",
                    "x": "50%",
                    "y": "50%",
                  },
                  "ref": null,
                  "rendered": "ML",
                  "type": "text",
                },
                "Sorry, your browser does not support inline SVG.",
              ],
              "type": "svg",
            },
            "type": "div",
          },
          Object {
            "instance": null,
            "key": undefined,
            "nodeType": "host",
            "props": Object {
              "children": <i
                className="fas fa-sort-down"
              />,
            },
            "ref": null,
            "rendered": Object {
              "instance": null,
              "key": undefined,
              "nodeType": "host",
              "props": Object {
                "className": "fas fa-sort-down",
              },
              "ref": null,
              "rendered": null,
              "type": "i",
            },
            "type": "div",
          },
        ],
        "type": "div",
      },
    ],
    "type": "div",
  },
  Symbol(enzyme.__nodes__): Array [
    Object {
      "instance": null,
      "key": undefined,
      "nodeType": "host",
      "props": Object {
        "children": Array [
          <div>
            Sun Jul 22 2018
          </div>,
          <div>
            23:42:39
          </div>,
          <div
            className="user"
          >
            <div>
              Moyeong Lee
            </div>
            <div>
              <svg
                height="50"
                width="50"
              >
                <circle
                  cx="25"
                  cy="25"
                  fill="#484848"
                  r="15"
                />
                <text
                  dy=".3em"
                  fill="white"
                  fontFamily="Arial"
                  fontSize="15px"
                  textAnchor="middle"
                  x="50%"
                  y="50%"
                >
                  ML
                </text>
                Sorry, your browser does not support inline SVG.
              </svg>
            </div>
            <div>
              <i
                className="fas fa-sort-down"
              />
            </div>
          </div>,
        ],
        "className": "nav",
      },
      "ref": null,
      "rendered": Array [
        Object {
          "instance": null,
          "key": undefined,
          "nodeType": "host",
          "props": Object {
            "children": "Sun Jul 22 2018",
          },
          "ref": null,
          "rendered": "Sun Jul 22 2018",
          "type": "div",
        },
        Object {
          "instance": null,
          "key": undefined,
          "nodeType": "host",
          "props": Object {
            "children": "23:42:39",
          },
          "ref": null,
          "rendered": "23:42:39",
          "type": "div",
        },
        Object {
          "instance": null,
          "key": undefined,
          "nodeType": "host",
          "props": Object {
            "children": Array [
              <div>
                Moyeong Lee
              </div>,
              <div>
                <svg
                  height="50"
                  width="50"
                >
                  <circle
                    cx="25"
                    cy="25"
                    fill="#484848"
                    r="15"
                  />
                  <text
                    dy=".3em"
                    fill="white"
                    fontFamily="Arial"
                    fontSize="15px"
                    textAnchor="middle"
                    x="50%"
                    y="50%"
                  >
                    ML
                  </text>
                  Sorry, your browser does not support inline SVG.
                </svg>
              </div>,
              <div>
                <i
                  className="fas fa-sort-down"
                />
              </div>,
            ],
            "className": "user",
          },
          "ref": null,
          "rendered": Array [
            Object {
              "instance": null,
              "key": undefined,
              "nodeType": "host",
              "props": Object {
                "children": "Moyeong Lee",
              },
              "ref": null,
              "rendered": "Moyeong Lee",
              "type": "div",
            },
            Object {
              "instance": null,
              "key": undefined,
              "nodeType": "host",
              "props": Object {
                "children": <svg
                  height="50"
                  width="50"
                >
                  <circle
                    cx="25"
                    cy="25"
                    fill="#484848"
                    r="15"
                  />
                  <text
                    dy=".3em"
                    fill="white"
                    fontFamily="Arial"
                    fontSize="15px"
                    textAnchor="middle"
                    x="50%"
                    y="50%"
                  >
                    ML
                  </text>
                  Sorry, your browser does not support inline SVG.
                </svg>,
              },
              "ref": null,
              "rendered": Object {
                "instance": null,
                "key": undefined,
                "nodeType": "host",
                "props": Object {
                  "children": Array [
                    <circle
                      cx="25"
                      cy="25"
                      fill="#484848"
                      r="15"
                    />,
                    <text
                      dy=".3em"
                      fill="white"
                      fontFamily="Arial"
                      fontSize="15px"
                      textAnchor="middle"
                      x="50%"
                      y="50%"
                    >
                      ML
                    </text>,
                    "Sorry, your browser does not support inline SVG.",
                  ],
                  "height": "50",
                  "width": "50",
                },
                "ref": null,
                "rendered": Array [
                  Object {
                    "instance": null,
                    "key": undefined,
                    "nodeType": "host",
                    "props": Object {
                      "cx": "25",
                      "cy": "25",
                      "fill": "#484848",
                      "r": "15",
                    },
                    "ref": null,
                    "rendered": null,
                    "type": "circle",
                  },
                  Object {
                    "instance": null,
                    "key": undefined,
                    "nodeType": "host",
                    "props": Object {
                      "children": "ML",
                      "dy": ".3em",
                      "fill": "white",
                      "fontFamily": "Arial",
                      "fontSize": "15px",
                      "textAnchor": "middle",
                      "x": "50%",
                      "y": "50%",
                    },
                    "ref": null,
                    "rendered": "ML",
                    "type": "text",
                  },
                  "Sorry, your browser does not support inline SVG.",
                ],
                "type": "svg",
              },
              "type": "div",
            },
            Object {
              "instance": null,
              "key": undefined,
              "nodeType": "host",
              "props": Object {
                "children": <i
                  className="fas fa-sort-down"
                />,
              },
              "ref": null,
              "rendered": Object {
                "instance": null,
                "key": undefined,
                "nodeType": "host",
                "props": Object {
                  "className": "fas fa-sort-down",
                },
                "ref": null,
                "rendered": null,
                "type": "i",
              },
              "type": "div",
            },
          ],
          "type": "div",
        },
      ],
      "type": "div",
    },
  ],
  Symbol(enzyme.__options__): Object {
    "adapter": ReactSixteenAdapter {
      "options": Object {
        "enableComponentDidUpdateOnSetState": true,
      },
    },
  },
}
`;
